// Jest Snapshot v1, https://goo.gl/fbAQLP

exports[`Header snaaapshot Comprobar ui del header 1`] = `
<header
  className="styles__Head-sc-2csmix-0 iofGAm"
>
  <a
    className="styles__Logo-sc-2csmix-1 fXDohn"
    onClick={[Function]}
    onMouseEnter={[Function]}
  >
    <img
      src="/images/logo.png"
    />
  </a>
  <nav>
    <ul
      className="styles__List-sc-2csmix-2 laJKla"
    >
      <li
        className="styles__Item-sc-2csmix-4 jVPdVz"
      >
        <a
          href="/rockets"
          onClick={[Function]}
          onMouseEnter={[Function]}
        >
          Rockets
        </a>
      </li>
      <li
        className="styles__Item-sc-2csmix-4 jVPdVz"
      >
        <a
          href="/launches"
          onClick={[Function]}
          onMouseEnter={[Function]}
        >
          Launches
        </a>
      </li>
      <li
        className="styles__Item-sc-2csmix-4 jVPdVz"
      >
        <a
          href="/capsules"
          onClick={[Function]}
          onMouseEnter={[Function]}
        >
          Dragons
        </a>
      </li>
      <li
        className="styles__Item-sc-2csmix-4 jVPdVz"
      >
        <a
          href="/stats"
          onClick={[Function]}
          onMouseEnter={[Function]}
        >
          Stats
        </a>
      </li>
      <li
        className="styles__Item-sc-2csmix-4 jVPdVz"
      >
        <a
          href="/about"
          onClick={[Function]}
          onMouseEnter={[Function]}
        >
          About
        </a>
      </li>
      <li
        className="styles__Item-sc-2csmix-4 jVPdVz"
      >
        <form
          onSubmit={[Function]}
        >
          <input
            onChange={[Function]}
            placeholder="search..."
            type="text"
            value=""
          />
        </form>
      </li>
    </ul>
  </nav>
  <ul
    className="styles__MenuContainer-sc-2csmix-3 fPLzOz"
  >
    <div>
      <div
        className="bm-overlay"
        onClick={[Function]}
        style={
          Object {
            "MozTransform": "translate3d(100%, 0, 0)",
            "MsTransform": "translate3d(100%, 0, 0)",
            "OTransform": "translate3d(100%, 0, 0)",
            "WebkitTransform": "translate3d(100%, 0, 0)",
            "background": "rgba(0, 0, 0, 0.3)",
            "height": "100%",
            "opacity": 0,
            "position": "fixed",
            "transform": "translate3d(100%, 0, 0)",
            "transition": "opacity 0.3s, transform 0s 0.3s",
            "width": "100%",
            "zIndex": 1000,
          }
        }
      />
      <div
        style={Object {}}
      >
        <div
          className="bm-burger-button"
          style={
            Object {
              "zIndex": 1000,
            }
          }
        >
          <button
            id="react-burger-menu-btn"
            onClick={[Function]}
            onMouseOut={[Function]}
            onMouseOver={[Function]}
            style={
              Object {
                "background": "transparent",
                "border": "none",
                "cursor": "pointer",
                "fontSize": 0,
                "height": "100%",
                "left": 0,
                "margin": 0,
                "padding": 0,
                "position": "absolute",
                "top": 0,
                "width": "100%",
                "zIndex": 1,
              }
            }
          >
            Open Menu
          </button>
          <span>
            <span
              className="bm-burger-bars"
              style={
                Object {
                  "height": "20%",
                  "left": 0,
                  "opacity": 1,
                  "position": "absolute",
                  "right": 0,
                  "top": "0%",
                }
              }
            />
            <span
              className="bm-burger-bars"
              style={
                Object {
                  "height": "20%",
                  "left": 0,
                  "opacity": 1,
                  "position": "absolute",
                  "right": 0,
                  "top": "40%",
                }
              }
            />
            <span
              className="bm-burger-bars"
              style={
                Object {
                  "height": "20%",
                  "left": 0,
                  "opacity": 1,
                  "position": "absolute",
                  "right": 0,
                  "top": "80%",
                }
              }
            />
          </span>
        </div>
      </div>
      <div
        aria-hidden={true}
        className="bm-menu-wrap"
        id=""
        style={
          Object {
            "MozTransform": "translate3d(100%, 0, 0)",
            "MsTransform": "translate3d(100%, 0, 0)",
            "OTransform": "translate3d(100%, 0, 0)",
            "WebkitTransform": "translate3d(100%, 0, 0)",
            "height": "100%",
            "position": "fixed",
            "right": 0,
            "transform": "translate3d(100%, 0, 0)",
            "transition": "all 0.5s",
            "width": "100%",
            "zIndex": 1100,
          }
        }
      >
        <div
          className="bm-menu"
          style={
            Object {
              "boxSizing": "border-box",
              "height": "100%",
              "overflow": "auto",
            }
          }
        >
          <nav
            className="bm-item-list"
            style={
              Object {
                "height": "100%",
              }
            }
          >
            <li
              className="styles__Item-sc-2csmix-4 jVPdVz bm-item"
              style={
                Object {
                  "display": "block",
                }
              }
              tabIndex={-1}
            >
              <a
                className="menu-item"
                href="/rockets"
                onClick={[Function]}
                onMouseEnter={[Function]}
              >
                Rockets
              </a>
            </li>
            <li
              className="styles__Item-sc-2csmix-4 jVPdVz bm-item"
              style={
                Object {
                  "display": "block",
                }
              }
              tabIndex={-1}
            >
              <a
                className="menu-item"
                href="/launches"
                onClick={[Function]}
                onMouseEnter={[Function]}
              >
                Launches
              </a>
            </li>
            <li
              className="styles__Item-sc-2csmix-4 jVPdVz bm-item"
              style={
                Object {
                  "display": "block",
                }
              }
              tabIndex={-1}
            >
              <a
                className="menu-item"
                href="/capsules"
                onClick={[Function]}
                onMouseEnter={[Function]}
              >
                Capsules
              </a>
            </li>
            <li
              className="styles__Item-sc-2csmix-4 jVPdVz bm-item"
              style={
                Object {
                  "display": "block",
                }
              }
              tabIndex={-1}
            >
              <a
                className="menu-item"
                href="/stats"
                onClick={[Function]}
                onMouseEnter={[Function]}
              >
                Stats
              </a>
            </li>
            <li
              className="styles__Item-sc-2csmix-4 jVPdVz bm-item"
              style={
                Object {
                  "display": "block",
                }
              }
              tabIndex={-1}
            >
              <a
                className="menu-item"
                href="/about"
                onClick={[Function]}
                onMouseEnter={[Function]}
              >
                About
              </a>
            </li>
          </nav>
        </div>
        <div
          style={Object {}}
        >
          <div
            className="bm-cross-button"
            style={
              Object {
                "height": 24,
                "position": "absolute",
                "right": 8,
                "top": 8,
                "width": 24,
              }
            }
          >
            <button
              id="react-burger-cross-btn"
              onClick={[Function]}
              style={
                Object {
                  "background": "transparent",
                  "border": "none",
                  "cursor": "pointer",
                  "fontSize": 0,
                  "height": "100%",
                  "left": 0,
                  "margin": 0,
                  "padding": 0,
                  "position": "absolute",
                  "top": 0,
                  "width": "100%",
                  "zIndex": 1,
                }
              }
              tabIndex={-1}
            >
              Close Menu
            </button>
            <span
              style={
                Object {
                  "position": "absolute",
                  "right": "14px",
                  "top": "6px",
                }
              }
            >
              <span
                className="bm-cross"
                style={
                  Object {
                    "height": 14,
                    "position": "absolute",
                    "transform": "rotate(45deg)",
                    "width": 3,
                  }
                }
              />
              <span
                className="bm-cross"
                style={
                  Object {
                    "height": 14,
                    "position": "absolute",
                    "transform": "rotate(-45deg)",
                    "width": 3,
                  }
                }
              />
            </span>
          </div>
        </div>
      </div>
    </div>
  </ul>
</header>
`;
